

================================================================
== Vitis HLS Report for 'compute_4'
================================================================
* Date:           Fri Jul 18 13:04:00 2025

* Version:        2025.1 (Build 6135595 on May 21 2025)
* Project:        hls_component
* Solution:       hls (Vivado IP Flow Target)
* Product family: zynq
* Target device:  xc7z020-clg400-2


================================================================
== Performance Estimates
================================================================
+ Timing: 
    * Summary: 
    +--------+----------+----------+------------+
    |  Clock |  Target  | Estimated| Uncertainty|
    +--------+----------+----------+------------+
    |ap_clk  |  10.00 ns|  9.055 ns|     2.70 ns|
    +--------+----------+----------+------------+

+ Latency: 
    * Summary: 
    +---------+---------+----------+----------+-------+-------+---------+
    |  Latency (cycles) |  Latency (absolute) |    Interval   | Pipeline|
    |   min   |   max   |    min   |    max   |  min  |  max  |   Type  |
    +---------+---------+----------+----------+-------+-------+---------+
    |    43627|    43627|  0.436 ms|  0.436 ms|  43627|  43627|       no|
    +---------+---------+----------+----------+-------+-------+---------+

    + Detail: 
        * Instance: 
        +-------------------------------------+--------------------------+---------+---------+-----------+-----------+-------+-------+------------------------------------------------+
        |                                     |                          |  Latency (cycles) |   Latency (absolute)  |    Interval   |                    Pipeline                    |
        |               Instance              |          Module          |   min   |   max   |    min    |    max    |  min  |  max  |                      Type                      |
        +-------------------------------------+--------------------------+---------+---------+-----------+-----------+-------+-------+------------------------------------------------+
        |grp_load_params_func_2_fu_138        |load_params_func_2        |      983|      983|   9.830 us|   9.830 us|    983|    983|                                              no|
        |grp_prepare_input_buf_func_2_fu_170  |prepare_input_buf_func_2  |     1571|     1571|  15.710 us|  15.710 us|   1571|   1571|                                              no|
        |grp_convolution_func_2_fu_194        |convolution_func_2        |    17473|    17473|   0.175 ms|   0.175 ms|  17473|  17473|                                              no|
        |grp_write_output_func_2_fu_218       |write_output_func_2       |    24578|    24578|   0.246 ms|   0.246 ms|  24577|  24577|  loop auto-rewind stp (delay=0 clock cycles(s))|
        +-------------------------------------+--------------------------+---------+---------+-----------+-----------+-------+-------+------------------------------------------------+

        * Loop: 
        N/A



================================================================
== Utilization Estimates
================================================================
* Summary: 
+-----------------+---------+-----+--------+-------+-----+
|       Name      | BRAM_18K| DSP |   FF   |  LUT  | URAM|
+-----------------+---------+-----+--------+-------+-----+
|DSP              |        -|    -|       -|      -|    -|
|Expression       |        -|    -|       0|      2|    -|
|FIFO             |        -|    -|       -|      -|    -|
|Instance         |        -|   10|    1768|   3176|    -|
|Memory           |        8|    -|     304|    161|    0|
|Multiplexer      |        -|    -|       0|    738|    -|
|Register         |        -|    -|      75|      -|    -|
+-----------------+---------+-----+--------+-------+-----+
|Total            |        8|   10|    2147|   4077|    0|
+-----------------+---------+-----+--------+-------+-----+
|Available        |      280|  220|  106400|  53200|    0|
+-----------------+---------+-----+--------+-------+-----+
|Utilization (%)  |        2|    4|       2|      7|    0|
+-----------------+---------+-----+--------+-------+-----+

+ Detail: 
    * Instance: 
    +-------------------------------------+--------------------------+---------+----+-----+------+-----+
    |               Instance              |          Module          | BRAM_18K| DSP|  FF |  LUT | URAM|
    +-------------------------------------+--------------------------+---------+----+-----+------+-----+
    |grp_convolution_func_2_fu_194        |convolution_func_2        |        0|  10|  911|  1129|    0|
    |grp_load_params_func_2_fu_138        |load_params_func_2        |        0|   0|  171|   607|    0|
    |grp_prepare_input_buf_func_2_fu_170  |prepare_input_buf_func_2  |        0|   0|  641|  1237|    0|
    |grp_write_output_func_2_fu_218       |write_output_func_2       |        0|   0|   45|   203|    0|
    +-------------------------------------+--------------------------+---------+----+-----+------+-----+
    |Total                                |                          |        0|  10| 1768|  3176|    0|
    +-------------------------------------+--------------------------+---------+----+-----+------+-----+

    * DSP: 
    N/A

    * Memory: 
    +-------------------+---------------------------------------+---------+----+----+-----+------+-----+------+-------------+
    |       Memory      |                 Module                | BRAM_18K| FF | LUT| URAM| Words| Bits| Banks| W*Bits*Banks|
    +-------------------+---------------------------------------+---------+----+----+-----+------+-----+------+-------------+
    |input_buf_U        |compute_4_input_buf_RAM_AUTO_1R1W      |        0|  16|   9|    0|    36|   16|     1|          576|
    |input_buf_1_U      |compute_4_input_buf_RAM_AUTO_1R1W      |        0|  16|   9|    0|    36|   16|     1|          576|
    |input_buf_2_U      |compute_4_input_buf_RAM_AUTO_1R1W      |        0|  16|   9|    0|    36|   16|     1|          576|
    |input_buf_3_U      |compute_4_input_buf_RAM_AUTO_1R1W      |        0|  16|   9|    0|    36|   16|     1|          576|
    |input_buf_4_U      |compute_4_input_buf_RAM_AUTO_1R1W      |        0|  16|   9|    0|    36|   16|     1|          576|
    |input_buf_5_U      |compute_4_input_buf_RAM_AUTO_1R1W      |        0|  16|   9|    0|    36|   16|     1|          576|
    |input_buf_6_U      |compute_4_input_buf_RAM_AUTO_1R1W      |        0|  16|   9|    0|    36|   16|     1|          576|
    |input_buf_7_U      |compute_4_input_buf_RAM_AUTO_1R1W      |        0|  16|   9|    0|    36|   16|     1|          576|
    |input_buf_8_U      |compute_4_input_buf_RAM_AUTO_1R1W      |        0|  16|   9|    0|    36|   16|     1|          576|
    |local_weights_U    |compute_4_local_weights_RAM_AUTO_1R1W  |        0|  16|   8|    0|    32|   16|     1|          512|
    |local_weights_1_U  |compute_4_local_weights_RAM_AUTO_1R1W  |        0|  16|   8|    0|    32|   16|     1|          512|
    |local_weights_2_U  |compute_4_local_weights_RAM_AUTO_1R1W  |        0|  16|   8|    0|    32|   16|     1|          512|
    |local_weights_3_U  |compute_4_local_weights_RAM_AUTO_1R1W  |        0|  16|   8|    0|    32|   16|     1|          512|
    |local_weights_4_U  |compute_4_local_weights_RAM_AUTO_1R1W  |        0|  16|   8|    0|    32|   16|     1|          512|
    |local_weights_5_U  |compute_4_local_weights_RAM_AUTO_1R1W  |        0|  16|   8|    0|    32|   16|     1|          512|
    |local_weights_6_U  |compute_4_local_weights_RAM_AUTO_1R1W  |        0|  16|   8|    0|    32|   16|     1|          512|
    |local_weights_7_U  |compute_4_local_weights_RAM_AUTO_1R1W  |        0|  16|   8|    0|    32|   16|     1|          512|
    |local_weights_8_U  |compute_4_local_weights_RAM_AUTO_1R1W  |        0|  16|   8|    0|    32|   16|     1|          512|
    |local_bias_U       |compute_4_local_weights_RAM_AUTO_1R1W  |        0|  16|   8|    0|    32|   16|     1|          512|
    |output_buf_U       |compute_4_output_buf_RAM_AUTO_1R1W     |        8|   0|   0|    0|  8192|   15|     1|       122880|
    +-------------------+---------------------------------------+---------+----+----+-----+------+-----+------+-------------+
    |Total              |                                       |        8| 304| 161|    0|  8836|  319|    20|       133184|
    +-------------------+---------------------------------------+---------+----+----+-----+------+-----+------+-------------+

    * FIFO: 
    N/A

    * Expression: 
    +---------------------------------+----------+----+---+----+------------+------------+
    |          Variable Name          | Operation| DSP| FF| LUT| Bitwidth P0| Bitwidth P1|
    +---------------------------------+----------+----+---+----+------------+------------+
    |ap_block_state1                  |        or|   0|  0|   1|           1|           1|
    |ap_block_state2_on_subcall_done  |        or|   0|  0|   1|           1|           1|
    +---------------------------------+----------+----+---+----+------------+------------+
    |Total                            |          |   0|  0|   2|           2|           2|
    +---------------------------------+----------+----+---+----+------------+------------+

    * Multiplexer: 
    +--------------------------+----+-----------+-----+-----------+
    |           Name           | LUT| Input Size| Bits| Total Bits|
    +--------------------------+----+-----------+-----+-----------+
    |ap_NS_fsm                 |  29|          7|    1|          7|
    |ap_done                   |   9|          2|    1|          2|
    |input_buf_1_address0      |  13|          3|    6|         18|
    |input_buf_1_ce0           |  13|          3|    1|          3|
    |input_buf_1_we0           |   9|          2|    1|          2|
    |input_buf_2_address0      |  13|          3|    6|         18|
    |input_buf_2_ce0           |  13|          3|    1|          3|
    |input_buf_2_we0           |   9|          2|    1|          2|
    |input_buf_3_address0      |  13|          3|    6|         18|
    |input_buf_3_ce0           |  13|          3|    1|          3|
    |input_buf_3_we0           |   9|          2|    1|          2|
    |input_buf_4_address0      |  13|          3|    6|         18|
    |input_buf_4_ce0           |  13|          3|    1|          3|
    |input_buf_4_we0           |   9|          2|    1|          2|
    |input_buf_5_address0      |  13|          3|    6|         18|
    |input_buf_5_ce0           |  13|          3|    1|          3|
    |input_buf_5_we0           |   9|          2|    1|          2|
    |input_buf_6_address0      |  13|          3|    6|         18|
    |input_buf_6_ce0           |  13|          3|    1|          3|
    |input_buf_6_we0           |   9|          2|    1|          2|
    |input_buf_7_address0      |  13|          3|    6|         18|
    |input_buf_7_ce0           |  13|          3|    1|          3|
    |input_buf_7_we0           |   9|          2|    1|          2|
    |input_buf_8_address0      |  13|          3|    6|         18|
    |input_buf_8_ce0           |  13|          3|    1|          3|
    |input_buf_8_we0           |   9|          2|    1|          2|
    |input_buf_address0        |  13|          3|    6|         18|
    |input_buf_ce0             |  13|          3|    1|          3|
    |input_buf_we0             |   9|          2|    1|          2|
    |local_bias_address0       |  13|          3|    5|         15|
    |local_bias_ce0            |  13|          3|    1|          3|
    |local_bias_we0            |   9|          2|    1|          2|
    |local_weights_1_address0  |  13|          3|    5|         15|
    |local_weights_1_ce0       |  13|          3|    1|          3|
    |local_weights_1_we0       |   9|          2|    1|          2|
    |local_weights_2_address0  |  13|          3|    5|         15|
    |local_weights_2_ce0       |  13|          3|    1|          3|
    |local_weights_2_we0       |   9|          2|    1|          2|
    |local_weights_3_address0  |  13|          3|    5|         15|
    |local_weights_3_ce0       |  13|          3|    1|          3|
    |local_weights_3_we0       |   9|          2|    1|          2|
    |local_weights_4_address0  |  13|          3|    5|         15|
    |local_weights_4_ce0       |  13|          3|    1|          3|
    |local_weights_4_we0       |   9|          2|    1|          2|
    |local_weights_5_address0  |  13|          3|    5|         15|
    |local_weights_5_ce0       |  13|          3|    1|          3|
    |local_weights_5_we0       |   9|          2|    1|          2|
    |local_weights_6_address0  |  13|          3|    5|         15|
    |local_weights_6_ce0       |  13|          3|    1|          3|
    |local_weights_6_we0       |   9|          2|    1|          2|
    |local_weights_7_address0  |  13|          3|    5|         15|
    |local_weights_7_ce0       |  13|          3|    1|          3|
    |local_weights_7_we0       |   9|          2|    1|          2|
    |local_weights_8_address0  |  13|          3|    5|         15|
    |local_weights_8_ce0       |  13|          3|    1|          3|
    |local_weights_8_we0       |   9|          2|    1|          2|
    |local_weights_address0    |  13|          3|    5|         15|
    |local_weights_ce0         |  13|          3|    1|          3|
    |local_weights_we0         |   9|          2|    1|          2|
    |output_buf_address0       |  13|          3|   13|         39|
    |output_buf_ce0            |  13|          3|    1|          3|
    |output_buf_we0            |   9|          2|    1|          2|
    +--------------------------+----+-----------+-----+-----------+
    |Total                     | 738|        169|  159|        460|
    +--------------------------+----+-----------+-----+-----------+

    * Register: 
    +--------------------------------------------------+----+----+-----+-----------+
    |                       Name                       | FF | LUT| Bits| Const Bits|
    +--------------------------------------------------+----+----+-----+-----------+
    |ap_CS_fsm                                         |   6|   0|    6|          0|
    |ap_done_reg                                       |   1|   0|    1|          0|
    |grp_convolution_func_2_fu_194_ap_start_reg        |   1|   0|    1|          0|
    |grp_load_params_func_2_fu_138_ap_start_reg        |   1|   0|    1|          0|
    |grp_prepare_input_buf_func_2_fu_170_ap_start_reg  |   1|   0|    1|          0|
    |grp_write_output_func_2_fu_218_ap_start_reg       |   1|   0|    1|          0|
    |this_bias_read_reg_225                            |  32|   0|   32|          0|
    |this_weights_read_reg_230                         |  32|   0|   32|          0|
    +--------------------------------------------------+----+----+-----+-----------+
    |Total                                             |  75|   0|   75|          0|
    +--------------------------------------------------+----+----+-----+-----------+



================================================================
== Interface
================================================================
* Summary: 
+--------------------------+-----+-----+------------+--------------+--------------+
|         RTL Ports        | Dir | Bits|  Protocol  | Source Object|    C Type    |
+--------------------------+-----+-----+------------+--------------+--------------+
|ap_clk                    |   in|    1|  ap_ctrl_hs|     compute.4|  return value|
|ap_rst                    |   in|    1|  ap_ctrl_hs|     compute.4|  return value|
|ap_start                  |   in|    1|  ap_ctrl_hs|     compute.4|  return value|
|ap_done                   |  out|    1|  ap_ctrl_hs|     compute.4|  return value|
|ap_continue               |   in|    1|  ap_ctrl_hs|     compute.4|  return value|
|ap_idle                   |  out|    1|  ap_ctrl_hs|     compute.4|  return value|
|ap_ready                  |  out|    1|  ap_ctrl_hs|     compute.4|  return value|
|m_axi_gmem2_0_AWVALID     |  out|    1|       m_axi|         gmem2|       pointer|
|m_axi_gmem2_0_AWREADY     |   in|    1|       m_axi|         gmem2|       pointer|
|m_axi_gmem2_0_AWADDR      |  out|   32|       m_axi|         gmem2|       pointer|
|m_axi_gmem2_0_AWID        |  out|    1|       m_axi|         gmem2|       pointer|
|m_axi_gmem2_0_AWLEN       |  out|   32|       m_axi|         gmem2|       pointer|
|m_axi_gmem2_0_AWSIZE      |  out|    3|       m_axi|         gmem2|       pointer|
|m_axi_gmem2_0_AWBURST     |  out|    2|       m_axi|         gmem2|       pointer|
|m_axi_gmem2_0_AWLOCK      |  out|    2|       m_axi|         gmem2|       pointer|
|m_axi_gmem2_0_AWCACHE     |  out|    4|       m_axi|         gmem2|       pointer|
|m_axi_gmem2_0_AWPROT      |  out|    3|       m_axi|         gmem2|       pointer|
|m_axi_gmem2_0_AWQOS       |  out|    4|       m_axi|         gmem2|       pointer|
|m_axi_gmem2_0_AWREGION    |  out|    4|       m_axi|         gmem2|       pointer|
|m_axi_gmem2_0_AWUSER      |  out|    1|       m_axi|         gmem2|       pointer|
|m_axi_gmem2_0_WVALID      |  out|    1|       m_axi|         gmem2|       pointer|
|m_axi_gmem2_0_WREADY      |   in|    1|       m_axi|         gmem2|       pointer|
|m_axi_gmem2_0_WDATA       |  out|   16|       m_axi|         gmem2|       pointer|
|m_axi_gmem2_0_WSTRB       |  out|    2|       m_axi|         gmem2|       pointer|
|m_axi_gmem2_0_WLAST       |  out|    1|       m_axi|         gmem2|       pointer|
|m_axi_gmem2_0_WID         |  out|    1|       m_axi|         gmem2|       pointer|
|m_axi_gmem2_0_WUSER       |  out|    1|       m_axi|         gmem2|       pointer|
|m_axi_gmem2_0_ARVALID     |  out|    1|       m_axi|         gmem2|       pointer|
|m_axi_gmem2_0_ARREADY     |   in|    1|       m_axi|         gmem2|       pointer|
|m_axi_gmem2_0_ARADDR      |  out|   32|       m_axi|         gmem2|       pointer|
|m_axi_gmem2_0_ARID        |  out|    1|       m_axi|         gmem2|       pointer|
|m_axi_gmem2_0_ARLEN       |  out|   32|       m_axi|         gmem2|       pointer|
|m_axi_gmem2_0_ARSIZE      |  out|    3|       m_axi|         gmem2|       pointer|
|m_axi_gmem2_0_ARBURST     |  out|    2|       m_axi|         gmem2|       pointer|
|m_axi_gmem2_0_ARLOCK      |  out|    2|       m_axi|         gmem2|       pointer|
|m_axi_gmem2_0_ARCACHE     |  out|    4|       m_axi|         gmem2|       pointer|
|m_axi_gmem2_0_ARPROT      |  out|    3|       m_axi|         gmem2|       pointer|
|m_axi_gmem2_0_ARQOS       |  out|    4|       m_axi|         gmem2|       pointer|
|m_axi_gmem2_0_ARREGION    |  out|    4|       m_axi|         gmem2|       pointer|
|m_axi_gmem2_0_ARUSER      |  out|    1|       m_axi|         gmem2|       pointer|
|m_axi_gmem2_0_RVALID      |   in|    1|       m_axi|         gmem2|       pointer|
|m_axi_gmem2_0_RREADY      |  out|    1|       m_axi|         gmem2|       pointer|
|m_axi_gmem2_0_RDATA       |   in|   16|       m_axi|         gmem2|       pointer|
|m_axi_gmem2_0_RLAST       |   in|    1|       m_axi|         gmem2|       pointer|
|m_axi_gmem2_0_RID         |   in|    1|       m_axi|         gmem2|       pointer|
|m_axi_gmem2_0_RFIFONUM    |   in|   11|       m_axi|         gmem2|       pointer|
|m_axi_gmem2_0_RUSER       |   in|    1|       m_axi|         gmem2|       pointer|
|m_axi_gmem2_0_RRESP       |   in|    2|       m_axi|         gmem2|       pointer|
|m_axi_gmem2_0_BVALID      |   in|    1|       m_axi|         gmem2|       pointer|
|m_axi_gmem2_0_BREADY      |  out|    1|       m_axi|         gmem2|       pointer|
|m_axi_gmem2_0_BRESP       |   in|    2|       m_axi|         gmem2|       pointer|
|m_axi_gmem2_0_BID         |   in|    1|       m_axi|         gmem2|       pointer|
|m_axi_gmem2_0_BUSER       |   in|    1|       m_axi|         gmem2|       pointer|
|this_weights              |   in|   32|     ap_none|  this_weights|        scalar|
|m_axi_gmem3_0_AWVALID     |  out|    1|       m_axi|         gmem3|       pointer|
|m_axi_gmem3_0_AWREADY     |   in|    1|       m_axi|         gmem3|       pointer|
|m_axi_gmem3_0_AWADDR      |  out|   32|       m_axi|         gmem3|       pointer|
|m_axi_gmem3_0_AWID        |  out|    1|       m_axi|         gmem3|       pointer|
|m_axi_gmem3_0_AWLEN       |  out|   32|       m_axi|         gmem3|       pointer|
|m_axi_gmem3_0_AWSIZE      |  out|    3|       m_axi|         gmem3|       pointer|
|m_axi_gmem3_0_AWBURST     |  out|    2|       m_axi|         gmem3|       pointer|
|m_axi_gmem3_0_AWLOCK      |  out|    2|       m_axi|         gmem3|       pointer|
|m_axi_gmem3_0_AWCACHE     |  out|    4|       m_axi|         gmem3|       pointer|
|m_axi_gmem3_0_AWPROT      |  out|    3|       m_axi|         gmem3|       pointer|
|m_axi_gmem3_0_AWQOS       |  out|    4|       m_axi|         gmem3|       pointer|
|m_axi_gmem3_0_AWREGION    |  out|    4|       m_axi|         gmem3|       pointer|
|m_axi_gmem3_0_AWUSER      |  out|    1|       m_axi|         gmem3|       pointer|
|m_axi_gmem3_0_WVALID      |  out|    1|       m_axi|         gmem3|       pointer|
|m_axi_gmem3_0_WREADY      |   in|    1|       m_axi|         gmem3|       pointer|
|m_axi_gmem3_0_WDATA       |  out|   16|       m_axi|         gmem3|       pointer|
|m_axi_gmem3_0_WSTRB       |  out|    2|       m_axi|         gmem3|       pointer|
|m_axi_gmem3_0_WLAST       |  out|    1|       m_axi|         gmem3|       pointer|
|m_axi_gmem3_0_WID         |  out|    1|       m_axi|         gmem3|       pointer|
|m_axi_gmem3_0_WUSER       |  out|    1|       m_axi|         gmem3|       pointer|
|m_axi_gmem3_0_ARVALID     |  out|    1|       m_axi|         gmem3|       pointer|
|m_axi_gmem3_0_ARREADY     |   in|    1|       m_axi|         gmem3|       pointer|
|m_axi_gmem3_0_ARADDR      |  out|   32|       m_axi|         gmem3|       pointer|
|m_axi_gmem3_0_ARID        |  out|    1|       m_axi|         gmem3|       pointer|
|m_axi_gmem3_0_ARLEN       |  out|   32|       m_axi|         gmem3|       pointer|
|m_axi_gmem3_0_ARSIZE      |  out|    3|       m_axi|         gmem3|       pointer|
|m_axi_gmem3_0_ARBURST     |  out|    2|       m_axi|         gmem3|       pointer|
|m_axi_gmem3_0_ARLOCK      |  out|    2|       m_axi|         gmem3|       pointer|
|m_axi_gmem3_0_ARCACHE     |  out|    4|       m_axi|         gmem3|       pointer|
|m_axi_gmem3_0_ARPROT      |  out|    3|       m_axi|         gmem3|       pointer|
|m_axi_gmem3_0_ARQOS       |  out|    4|       m_axi|         gmem3|       pointer|
|m_axi_gmem3_0_ARREGION    |  out|    4|       m_axi|         gmem3|       pointer|
|m_axi_gmem3_0_ARUSER      |  out|    1|       m_axi|         gmem3|       pointer|
|m_axi_gmem3_0_RVALID      |   in|    1|       m_axi|         gmem3|       pointer|
|m_axi_gmem3_0_RREADY      |  out|    1|       m_axi|         gmem3|       pointer|
|m_axi_gmem3_0_RDATA       |   in|   16|       m_axi|         gmem3|       pointer|
|m_axi_gmem3_0_RLAST       |   in|    1|       m_axi|         gmem3|       pointer|
|m_axi_gmem3_0_RID         |   in|    1|       m_axi|         gmem3|       pointer|
|m_axi_gmem3_0_RFIFONUM    |   in|   11|       m_axi|         gmem3|       pointer|
|m_axi_gmem3_0_RUSER       |   in|    1|       m_axi|         gmem3|       pointer|
|m_axi_gmem3_0_RRESP       |   in|    2|       m_axi|         gmem3|       pointer|
|m_axi_gmem3_0_BVALID      |   in|    1|       m_axi|         gmem3|       pointer|
|m_axi_gmem3_0_BREADY      |  out|    1|       m_axi|         gmem3|       pointer|
|m_axi_gmem3_0_BRESP       |   in|    2|       m_axi|         gmem3|       pointer|
|m_axi_gmem3_0_BID         |   in|    1|       m_axi|         gmem3|       pointer|
|m_axi_gmem3_0_BUSER       |   in|    1|       m_axi|         gmem3|       pointer|
|this_bias                 |   in|   32|     ap_none|     this_bias|        scalar|
|input_s_dout              |   in|   16|     ap_fifo|       input_s|       pointer|
|input_s_empty_n           |   in|    1|     ap_fifo|       input_s|       pointer|
|input_s_read              |  out|    1|     ap_fifo|       input_s|       pointer|
|input_s_num_data_valid    |   in|    9|     ap_fifo|       input_s|       pointer|
|input_s_fifo_cap          |   in|    9|     ap_fifo|       input_s|       pointer|
|conv1_out_din             |  out|   16|     ap_fifo|     conv1_out|       pointer|
|conv1_out_full_n          |   in|    1|     ap_fifo|     conv1_out|       pointer|
|conv1_out_write           |  out|    1|     ap_fifo|     conv1_out|       pointer|
|conv1_out_num_data_valid  |   in|   14|     ap_fifo|     conv1_out|       pointer|
|conv1_out_fifo_cap        |   in|   14|     ap_fifo|     conv1_out|       pointer|
+--------------------------+-----+-----+------------+--------------+--------------+

