

================================================================
== Vitis HLS Report for 'load_params_func'
================================================================
* Date:           Fri Jul 18 13:04:06 2025

* Version:        2025.1 (Build 6135595 on May 21 2025)
* Project:        hls_component
* Solution:       hls (Vivado IP Flow Target)
* Product family: zynq
* Target device:  xc7z020-clg400-2


================================================================
== Performance Estimates
================================================================
+ Timing: 
    * Summary: 
    +--------+----------+----------+------------+
    |  Clock |  Target  | Estimated| Uncertainty|
    +--------+----------+----------+------------+
    |ap_clk  |  10.00 ns|  7.300 ns|     2.70 ns|
    +--------+----------+----------+------------+

+ Latency: 
    * Summary: 
    +---------+---------+----------+----------+-------+-------+---------+
    |  Latency (cycles) |  Latency (absolute) |    Interval   | Pipeline|
    |   min   |   max   |    min   |    max   |  min  |  max  |   Type  |
    +---------+---------+----------+----------+-------+-------+---------+
    |    27767|    27767|  0.278 ms|  0.278 ms|  27767|  27767|       no|
    +---------+---------+----------+----------+-------+-------+---------+

    + Detail: 
        * Instance: 
        +---------------------------------------------------------------------------------------------+-----------------------------------------------------------------------------------+---------+---------+----------+----------+-------+-------+------------------------------------------------+
        |                                                                                             |                                                                                   |  Latency (cycles) |  Latency (absolute) |    Interval   |                    Pipeline                    |
        |                                           Instance                                          |                                       Module                                      |   min   |   max   |    min   |    max   |  min  |  max  |                      Type                      |
        +---------------------------------------------------------------------------------------------+-----------------------------------------------------------------------------------+---------+---------+----------+----------+-------+-------+------------------------------------------------+
        |grp_load_params_func_Pipeline_VITIS_LOOP_26_1_VITIS_LOOP_28_2_VITIS_LOOP_30_3_VITIS_s_fu_74  |load_params_func_Pipeline_VITIS_LOOP_26_1_VITIS_LOOP_28_2_VITIS_LOOP_30_3_VITIS_s  |    27650|    27650|  0.277 ms|  0.277 ms|  27649|  27649|  loop auto-rewind stp (delay=0 clock cycles(s))|
        |grp_load_params_func_Pipeline_VITIS_LOOP_40_5_fu_83                                          |load_params_func_Pipeline_VITIS_LOOP_40_5                                          |       98|       98|  0.980 us|  0.980 us|     97|     97|  loop auto-rewind stp (delay=0 clock cycles(s))|
        +---------------------------------------------------------------------------------------------+-----------------------------------------------------------------------------------+---------+---------+----------+----------+-------+-------+------------------------------------------------+

        * Loop: 
        N/A



================================================================
== Utilization Estimates
================================================================
* Summary: 
+-----------------+---------+-----+--------+-------+-----+
|       Name      | BRAM_18K| DSP |   FF   |  LUT  | URAM|
+-----------------+---------+-----+--------+-------+-----+
|DSP              |        -|    -|       -|      -|    -|
|Expression       |        -|    -|       -|      -|    -|
|FIFO             |        -|    -|       -|      -|    -|
|Instance         |        -|    -|     114|    373|    -|
|Memory           |        -|    -|       -|      -|    -|
|Multiplexer      |        -|    -|       0|    378|    -|
|Register         |        -|    -|      84|      -|    -|
+-----------------+---------+-----+--------+-------+-----+
|Total            |        0|    0|     198|    751|    0|
+-----------------+---------+-----+--------+-------+-----+
|Available        |      280|  220|  106400|  53200|    0|
+-----------------+---------+-----+--------+-------+-----+
|Utilization (%)  |        0|    0|      ~0|      1|    0|
+-----------------+---------+-----+--------+-------+-----+

+ Detail: 
    * Instance: 
    +---------------------------------------------------------------------------------------------+-----------------------------------------------------------------------------------+---------+----+----+-----+-----+
    |                                           Instance                                          |                                       Module                                      | BRAM_18K| DSP| FF | LUT | URAM|
    +---------------------------------------------------------------------------------------------+-----------------------------------------------------------------------------------+---------+----+----+-----+-----+
    |grp_load_params_func_Pipeline_VITIS_LOOP_26_1_VITIS_LOOP_28_2_VITIS_LOOP_30_3_VITIS_s_fu_74  |load_params_func_Pipeline_VITIS_LOOP_26_1_VITIS_LOOP_28_2_VITIS_LOOP_30_3_VITIS_s  |        0|   0|  83|  307|    0|
    |grp_load_params_func_Pipeline_VITIS_LOOP_40_5_fu_83                                          |load_params_func_Pipeline_VITIS_LOOP_40_5                                          |        0|   0|  31|   66|    0|
    +---------------------------------------------------------------------------------------------+-----------------------------------------------------------------------------------+---------+----+----+-----+-----+
    |Total                                                                                        |                                                                                   |        0|   0| 114|  373|    0|
    +---------------------------------------------------------------------------------------------+-----------------------------------------------------------------------------------+---------+----+----+-----+-----+

    * DSP: 
    N/A

    * Memory: 
    N/A

    * FIFO: 
    N/A

    * Expression: 
    N/A

    * Multiplexer: 
    +------------------------+-----+-----------+-----+-----------+
    |          Name          | LUT | Input Size| Bits| Total Bits|
    +------------------------+-----+-----------+-----+-----------+
    |ap_NS_fsm               |  102|         21|    1|         21|
    |gmem6_blk_n_AR          |    9|          2|    1|          2|
    |gmem7_blk_n_AR          |    9|          2|    1|          2|
    |m_axi_gmem6_0_ARADDR    |   13|          3|   32|         96|
    |m_axi_gmem6_0_ARBURST   |    9|          2|    2|          4|
    |m_axi_gmem6_0_ARCACHE   |    9|          2|    4|          8|
    |m_axi_gmem6_0_ARID      |    9|          2|    1|          2|
    |m_axi_gmem6_0_ARLEN     |   13|          3|   32|         96|
    |m_axi_gmem6_0_ARLOCK    |    9|          2|    2|          4|
    |m_axi_gmem6_0_ARPROT    |    9|          2|    3|          6|
    |m_axi_gmem6_0_ARQOS     |    9|          2|    4|          8|
    |m_axi_gmem6_0_ARREGION  |    9|          2|    4|          8|
    |m_axi_gmem6_0_ARSIZE    |    9|          2|    3|          6|
    |m_axi_gmem6_0_ARUSER    |    9|          2|    1|          2|
    |m_axi_gmem6_0_ARVALID   |   13|          3|    1|          3|
    |m_axi_gmem6_0_RREADY    |    9|          2|    1|          2|
    |m_axi_gmem7_0_ARADDR    |   13|          3|   32|         96|
    |m_axi_gmem7_0_ARBURST   |    9|          2|    2|          4|
    |m_axi_gmem7_0_ARCACHE   |    9|          2|    4|          8|
    |m_axi_gmem7_0_ARID      |    9|          2|    1|          2|
    |m_axi_gmem7_0_ARLEN     |   13|          3|   32|         96|
    |m_axi_gmem7_0_ARLOCK    |    9|          2|    2|          4|
    |m_axi_gmem7_0_ARPROT    |    9|          2|    3|          6|
    |m_axi_gmem7_0_ARQOS     |    9|          2|    4|          8|
    |m_axi_gmem7_0_ARREGION  |    9|          2|    4|          8|
    |m_axi_gmem7_0_ARSIZE    |    9|          2|    3|          6|
    |m_axi_gmem7_0_ARUSER    |    9|          2|    1|          2|
    |m_axi_gmem7_0_ARVALID   |   13|          3|    1|          3|
    |m_axi_gmem7_0_RREADY    |    9|          2|    1|          2|
    +------------------------+-----+-----------+-----+-----------+
    |Total                   |  378|         83|  183|        515|
    +------------------------+-----+-----------+-----+-----------+

    * Register: 
    +----------------------------------------------------------------------------------------------------------+----+----+-----+-----------+
    |                                                   Name                                                   | FF | LUT| Bits| Const Bits|
    +----------------------------------------------------------------------------------------------------------+----+----+-----+-----------+
    |ap_CS_fsm                                                                                                 |  20|   0|   20|          0|
    |grp_load_params_func_Pipeline_VITIS_LOOP_26_1_VITIS_LOOP_28_2_VITIS_LOOP_30_3_VITIS_s_fu_74_ap_start_reg  |   1|   0|    1|          0|
    |grp_load_params_func_Pipeline_VITIS_LOOP_40_5_fu_83_ap_start_reg                                          |   1|   0|    1|          0|
    |trunc_ln9_reg_144                                                                                         |  31|   0|   31|          0|
    |trunc_ln_reg_134                                                                                          |  31|   0|   31|          0|
    +----------------------------------------------------------------------------------------------------------+----+----+-----+-----------+
    |Total                                                                                                     |  84|   0|   84|          0|
    +----------------------------------------------------------------------------------------------------------+----+----+-----+-----------+



================================================================
== Interface
================================================================
* Summary: 
+------------------------+-----+-----+------------+------------------+--------------+
|        RTL Ports       | Dir | Bits|  Protocol  |   Source Object  |    C Type    |
+------------------------+-----+-----+------------+------------------+--------------+
|ap_clk                  |   in|    1|  ap_ctrl_hs|  load_params_func|  return value|
|ap_rst                  |   in|    1|  ap_ctrl_hs|  load_params_func|  return value|
|ap_start                |   in|    1|  ap_ctrl_hs|  load_params_func|  return value|
|ap_done                 |  out|    1|  ap_ctrl_hs|  load_params_func|  return value|
|ap_idle                 |  out|    1|  ap_ctrl_hs|  load_params_func|  return value|
|ap_ready                |  out|    1|  ap_ctrl_hs|  load_params_func|  return value|
|m_axi_gmem6_0_AWVALID   |  out|    1|       m_axi|             gmem6|       pointer|
|m_axi_gmem6_0_AWREADY   |   in|    1|       m_axi|             gmem6|       pointer|
|m_axi_gmem6_0_AWADDR    |  out|   32|       m_axi|             gmem6|       pointer|
|m_axi_gmem6_0_AWID      |  out|    1|       m_axi|             gmem6|       pointer|
|m_axi_gmem6_0_AWLEN     |  out|   32|       m_axi|             gmem6|       pointer|
|m_axi_gmem6_0_AWSIZE    |  out|    3|       m_axi|             gmem6|       pointer|
|m_axi_gmem6_0_AWBURST   |  out|    2|       m_axi|             gmem6|       pointer|
|m_axi_gmem6_0_AWLOCK    |  out|    2|       m_axi|             gmem6|       pointer|
|m_axi_gmem6_0_AWCACHE   |  out|    4|       m_axi|             gmem6|       pointer|
|m_axi_gmem6_0_AWPROT    |  out|    3|       m_axi|             gmem6|       pointer|
|m_axi_gmem6_0_AWQOS     |  out|    4|       m_axi|             gmem6|       pointer|
|m_axi_gmem6_0_AWREGION  |  out|    4|       m_axi|             gmem6|       pointer|
|m_axi_gmem6_0_AWUSER    |  out|    1|       m_axi|             gmem6|       pointer|
|m_axi_gmem6_0_WVALID    |  out|    1|       m_axi|             gmem6|       pointer|
|m_axi_gmem6_0_WREADY    |   in|    1|       m_axi|             gmem6|       pointer|
|m_axi_gmem6_0_WDATA     |  out|   16|       m_axi|             gmem6|       pointer|
|m_axi_gmem6_0_WSTRB     |  out|    2|       m_axi|             gmem6|       pointer|
|m_axi_gmem6_0_WLAST     |  out|    1|       m_axi|             gmem6|       pointer|
|m_axi_gmem6_0_WID       |  out|    1|       m_axi|             gmem6|       pointer|
|m_axi_gmem6_0_WUSER     |  out|    1|       m_axi|             gmem6|       pointer|
|m_axi_gmem6_0_ARVALID   |  out|    1|       m_axi|             gmem6|       pointer|
|m_axi_gmem6_0_ARREADY   |   in|    1|       m_axi|             gmem6|       pointer|
|m_axi_gmem6_0_ARADDR    |  out|   32|       m_axi|             gmem6|       pointer|
|m_axi_gmem6_0_ARID      |  out|    1|       m_axi|             gmem6|       pointer|
|m_axi_gmem6_0_ARLEN     |  out|   32|       m_axi|             gmem6|       pointer|
|m_axi_gmem6_0_ARSIZE    |  out|    3|       m_axi|             gmem6|       pointer|
|m_axi_gmem6_0_ARBURST   |  out|    2|       m_axi|             gmem6|       pointer|
|m_axi_gmem6_0_ARLOCK    |  out|    2|       m_axi|             gmem6|       pointer|
|m_axi_gmem6_0_ARCACHE   |  out|    4|       m_axi|             gmem6|       pointer|
|m_axi_gmem6_0_ARPROT    |  out|    3|       m_axi|             gmem6|       pointer|
|m_axi_gmem6_0_ARQOS     |  out|    4|       m_axi|             gmem6|       pointer|
|m_axi_gmem6_0_ARREGION  |  out|    4|       m_axi|             gmem6|       pointer|
|m_axi_gmem6_0_ARUSER    |  out|    1|       m_axi|             gmem6|       pointer|
|m_axi_gmem6_0_RVALID    |   in|    1|       m_axi|             gmem6|       pointer|
|m_axi_gmem6_0_RREADY    |  out|    1|       m_axi|             gmem6|       pointer|
|m_axi_gmem6_0_RDATA     |   in|   16|       m_axi|             gmem6|       pointer|
|m_axi_gmem6_0_RLAST     |   in|    1|       m_axi|             gmem6|       pointer|
|m_axi_gmem6_0_RID       |   in|    1|       m_axi|             gmem6|       pointer|
|m_axi_gmem6_0_RFIFONUM  |   in|   11|       m_axi|             gmem6|       pointer|
|m_axi_gmem6_0_RUSER     |   in|    1|       m_axi|             gmem6|       pointer|
|m_axi_gmem6_0_RRESP     |   in|    2|       m_axi|             gmem6|       pointer|
|m_axi_gmem6_0_BVALID    |   in|    1|       m_axi|             gmem6|       pointer|
|m_axi_gmem6_0_BREADY    |  out|    1|       m_axi|             gmem6|       pointer|
|m_axi_gmem6_0_BRESP     |   in|    2|       m_axi|             gmem6|       pointer|
|m_axi_gmem6_0_BID       |   in|    1|       m_axi|             gmem6|       pointer|
|m_axi_gmem6_0_BUSER     |   in|    1|       m_axi|             gmem6|       pointer|
|this_weights            |   in|   32|     ap_none|      this_weights|        scalar|
|m_axi_gmem7_0_AWVALID   |  out|    1|       m_axi|             gmem7|       pointer|
|m_axi_gmem7_0_AWREADY   |   in|    1|       m_axi|             gmem7|       pointer|
|m_axi_gmem7_0_AWADDR    |  out|   32|       m_axi|             gmem7|       pointer|
|m_axi_gmem7_0_AWID      |  out|    1|       m_axi|             gmem7|       pointer|
|m_axi_gmem7_0_AWLEN     |  out|   32|       m_axi|             gmem7|       pointer|
|m_axi_gmem7_0_AWSIZE    |  out|    3|       m_axi|             gmem7|       pointer|
|m_axi_gmem7_0_AWBURST   |  out|    2|       m_axi|             gmem7|       pointer|
|m_axi_gmem7_0_AWLOCK    |  out|    2|       m_axi|             gmem7|       pointer|
|m_axi_gmem7_0_AWCACHE   |  out|    4|       m_axi|             gmem7|       pointer|
|m_axi_gmem7_0_AWPROT    |  out|    3|       m_axi|             gmem7|       pointer|
|m_axi_gmem7_0_AWQOS     |  out|    4|       m_axi|             gmem7|       pointer|
|m_axi_gmem7_0_AWREGION  |  out|    4|       m_axi|             gmem7|       pointer|
|m_axi_gmem7_0_AWUSER    |  out|    1|       m_axi|             gmem7|       pointer|
|m_axi_gmem7_0_WVALID    |  out|    1|       m_axi|             gmem7|       pointer|
|m_axi_gmem7_0_WREADY    |   in|    1|       m_axi|             gmem7|       pointer|
|m_axi_gmem7_0_WDATA     |  out|   16|       m_axi|             gmem7|       pointer|
|m_axi_gmem7_0_WSTRB     |  out|    2|       m_axi|             gmem7|       pointer|
|m_axi_gmem7_0_WLAST     |  out|    1|       m_axi|             gmem7|       pointer|
|m_axi_gmem7_0_WID       |  out|    1|       m_axi|             gmem7|       pointer|
|m_axi_gmem7_0_WUSER     |  out|    1|       m_axi|             gmem7|       pointer|
|m_axi_gmem7_0_ARVALID   |  out|    1|       m_axi|             gmem7|       pointer|
|m_axi_gmem7_0_ARREADY   |   in|    1|       m_axi|             gmem7|       pointer|
|m_axi_gmem7_0_ARADDR    |  out|   32|       m_axi|             gmem7|       pointer|
|m_axi_gmem7_0_ARID      |  out|    1|       m_axi|             gmem7|       pointer|
|m_axi_gmem7_0_ARLEN     |  out|   32|       m_axi|             gmem7|       pointer|
|m_axi_gmem7_0_ARSIZE    |  out|    3|       m_axi|             gmem7|       pointer|
|m_axi_gmem7_0_ARBURST   |  out|    2|       m_axi|             gmem7|       pointer|
|m_axi_gmem7_0_ARLOCK    |  out|    2|       m_axi|             gmem7|       pointer|
|m_axi_gmem7_0_ARCACHE   |  out|    4|       m_axi|             gmem7|       pointer|
|m_axi_gmem7_0_ARPROT    |  out|    3|       m_axi|             gmem7|       pointer|
|m_axi_gmem7_0_ARQOS     |  out|    4|       m_axi|             gmem7|       pointer|
|m_axi_gmem7_0_ARREGION  |  out|    4|       m_axi|             gmem7|       pointer|
|m_axi_gmem7_0_ARUSER    |  out|    1|       m_axi|             gmem7|       pointer|
|m_axi_gmem7_0_RVALID    |   in|    1|       m_axi|             gmem7|       pointer|
|m_axi_gmem7_0_RREADY    |  out|    1|       m_axi|             gmem7|       pointer|
|m_axi_gmem7_0_RDATA     |   in|   16|       m_axi|             gmem7|       pointer|
|m_axi_gmem7_0_RLAST     |   in|    1|       m_axi|             gmem7|       pointer|
|m_axi_gmem7_0_RID       |   in|    1|       m_axi|             gmem7|       pointer|
|m_axi_gmem7_0_RFIFONUM  |   in|   11|       m_axi|             gmem7|       pointer|
|m_axi_gmem7_0_RUSER     |   in|    1|       m_axi|             gmem7|       pointer|
|m_axi_gmem7_0_RRESP     |   in|    2|       m_axi|             gmem7|       pointer|
|m_axi_gmem7_0_BVALID    |   in|    1|       m_axi|             gmem7|       pointer|
|m_axi_gmem7_0_BREADY    |  out|    1|       m_axi|             gmem7|       pointer|
|m_axi_gmem7_0_BRESP     |   in|    2|       m_axi|             gmem7|       pointer|
|m_axi_gmem7_0_BID       |   in|    1|       m_axi|             gmem7|       pointer|
|m_axi_gmem7_0_BUSER     |   in|    1|       m_axi|             gmem7|       pointer|
|this_bias               |   in|   32|     ap_none|         this_bias|        scalar|
|local_weights_address0  |  out|   14|   ap_memory|     local_weights|         array|
|local_weights_ce0       |  out|    1|   ap_memory|     local_weights|         array|
|local_weights_we0       |  out|    1|   ap_memory|     local_weights|         array|
|local_weights_d0        |  out|   16|   ap_memory|     local_weights|         array|
|local_bias_address0     |  out|    5|   ap_memory|        local_bias|         array|
|local_bias_ce0          |  out|    1|   ap_memory|        local_bias|         array|
|local_bias_we0          |  out|    1|   ap_memory|        local_bias|         array|
|local_bias_d0           |  out|   16|   ap_memory|        local_bias|         array|
+------------------------+-----+-----+------------+------------------+--------------+

