

================================================================
== Vitis HLS Report for 'prepare_input_buf_func_Pipeline_VITIS_LOOP_49_1_VITIS_LOOP_51_2_VITIS_LOOP_52_3'
================================================================
* Date:           Fri Jul 18 13:04:06 2025

* Version:        2025.1 (Build 6135595 on May 21 2025)
* Project:        hls_component
* Solution:       hls (Vivado IP Flow Target)
* Product family: zynq
* Target device:  xc7z020-clg400-2


================================================================
== Performance Estimates
================================================================
+ Timing: 
    * Summary: 
    +--------+----------+----------+------------+
    |  Clock |  Target  | Estimated| Uncertainty|
    +--------+----------+----------+------------+
    |ap_clk  |  10.00 ns|  6.968 ns|     2.70 ns|
    +--------+----------+----------+------------+

+ Latency: 
    * Summary: 
    +---------+---------+-----------+-----------+------+------+------------------------------------------------+
    |  Latency (cycles) |   Latency (absolute)  |   Interval  |                    Pipeline                    |
    |   min   |   max   |    min    |    max    |  min |  max |                      Type                      |
    +---------+---------+-----------+-----------+------+------+------------------------------------------------+
    |     9602|     9602|  96.020 us|  96.020 us|  9601|  9601|  loop auto-rewind stp (delay=0 clock cycles(s))|
    +---------+---------+-----------+-----------+------+------+------------------------------------------------+

    + Detail: 
        * Instance: 
        N/A

        * Loop: 
        +---------------------------------------------------+---------+---------+----------+-----------+-----------+------+----------+
        |                                                   |  Latency (cycles) | Iteration|  Initiation Interval  | Trip |          |
        |                     Loop Name                     |   min   |   max   |  Latency |  achieved |   target  | Count| Pipelined|
        +---------------------------------------------------+---------+---------+----------+-----------+-----------+------+----------+
        |- VITIS_LOOP_49_1_VITIS_LOOP_51_2_VITIS_LOOP_52_3  |     9600|     9600|         3|          3|          4|  3200|       yes|
        +---------------------------------------------------+---------+---------+----------+-----------+-----------+------+----------+



================================================================
== Utilization Estimates
================================================================
* Summary: 
+-----------------+---------+-----+--------+-------+-----+
|       Name      | BRAM_18K| DSP |   FF   |  LUT  | URAM|
+-----------------+---------+-----+--------+-------+-----+
|DSP              |        -|    -|       -|      -|    -|
|Expression       |        -|    -|       0|    136|    -|
|FIFO             |        -|    -|       -|      -|    -|
|Instance         |        -|    -|       -|      -|    -|
|Memory           |        -|    -|       -|      -|    -|
|Multiplexer      |        -|    -|       0|     80|    -|
|Register         |        -|    -|      51|      -|    -|
+-----------------+---------+-----+--------+-------+-----+
|Total            |        0|    0|      51|    216|    0|
+-----------------+---------+-----+--------+-------+-----+
|Available        |      280|  220|  106400|  53200|    0|
+-----------------+---------+-----+--------+-------+-----+
|Utilization (%)  |        0|    0|      ~0|     ~0|    0|
+-----------------+---------+-----+--------+-------+-----+

+ Detail: 
    * Instance: 
    N/A

    * DSP: 
    N/A

    * Memory: 
    N/A

    * FIFO: 
    N/A

    * Expression: 
    +-------------------------+----------+----+---+----+------------+------------+
    |      Variable Name      | Operation| DSP| FF| LUT| Bitwidth P0| Bitwidth P1|
    +-------------------------+----------+----+---+----+------------+------------+
    |add_ln49_1_fu_124_p2     |         +|   0|  0|  12|          12|           1|
    |add_ln49_fu_147_p2       |         +|   0|  0|   6|           6|           1|
    |add_ln51_1_fu_269_p2     |         +|   0|  0|   8|           8|           1|
    |add_ln51_fu_193_p2       |         +|   0|  0|   6|           4|           1|
    |add_ln52_fu_263_p2       |         +|   0|  0|   6|           4|           1|
    |add_ln53_fu_321_p2       |         +|   0|  0|  12|          12|          12|
    |add_ln54_1_fu_247_p2     |         +|   0|  0|   9|           9|           9|
    |add_ln54_2_fu_330_p2     |         +|   0|  0|  12|          12|          12|
    |add_ln54_fu_257_p2       |         +|   0|  0|   9|           9|           9|
    |and_ln49_fu_179_p2       |       and|   0|  0|   1|           1|           1|
    |icmp_ln49_fu_118_p2      |      icmp|   0|  0|  12|          12|          11|
    |icmp_ln51_fu_153_p2      |      icmp|   0|  0|   8|           8|           7|
    |icmp_ln52_fu_173_p2      |      icmp|   0|  0|   6|           4|           4|
    |empty_fu_199_p2          |        or|   0|  0|   1|           1|           1|
    |j_1_mid2_fu_205_p3       |    select|   0|  0|   4|           1|           1|
    |select_ln49_1_fu_185_p3  |    select|   0|  0|   6|           1|           6|
    |select_ln49_fu_159_p3    |    select|   0|  0|   4|           1|           1|
    |select_ln51_1_fu_275_p3  |    select|   0|  0|   8|           1|           1|
    |select_ln51_fu_213_p3    |    select|   0|  0|   4|           1|           4|
    |xor_ln49_fu_167_p2       |       xor|   0|  0|   2|           1|           2|
    +-------------------------+----------+----+---+----+------------+------------+
    |Total                    |          |   0|  0| 136|         108|          86|
    +-------------------------+----------+----+---+----+------------+------------+

    * Multiplexer: 
    +----------------------------------------+----+-----------+-----+-----------+
    |                  Name                  | LUT| Input Size| Bits| Total Bits|
    +----------------------------------------+----+-----------+-----+-----------+
    |ap_NS_fsm                               |  17|          4|    1|          4|
    |ap_done_int                             |   9|          2|    1|          2|
    |ap_sig_allocacmp_indvar_flatten12_load  |   9|          2|   12|         24|
    |i_1_fu_60                               |   9|          2|    4|          8|
    |ic_fu_68                                |   9|          2|    6|         12|
    |indvar_flatten12_fu_72                  |   9|          2|   12|         24|
    |indvar_flatten_fu_64                    |   9|          2|    8|         16|
    |j_fu_56                                 |   9|          2|    4|          8|
    +----------------------------------------+----+-----------+-----+-----------+
    |Total                                   |  80|         18|   48|         98|
    +----------------------------------------+----+-----------+-----+-----------+

    * Register: 
    +------------------------+----+----+-----+-----------+
    |          Name          | FF | LUT| Bits| Const Bits|
    +------------------------+----+----+-----+-----------+
    |add_ln54_reg_384        |   9|   0|    9|          0|
    |ap_CS_fsm               |   3|   0|    3|          0|
    |ap_done_reg             |   1|   0|    1|          0|
    |i_1_fu_60               |   4|   0|    4|          0|
    |ic_fu_68                |   6|   0|    6|          0|
    |indvar_flatten12_fu_72  |  12|   0|   12|          0|
    |indvar_flatten_fu_64    |   8|   0|    8|          0|
    |j_1_mid2_reg_379        |   4|   0|    4|          0|
    |j_fu_56                 |   4|   0|    4|          0|
    +------------------------+----+----+-----+-----------+
    |Total                   |  51|   0|   51|          0|
    +------------------------+----+----+-----+-----------+



================================================================
== Interface
================================================================
* Summary: 
+--------------------+-----+-----+------------+---------------------------------------------------------------------------------+--------------+
|      RTL Ports     | Dir | Bits|  Protocol  |                                  Source Object                                  |    C Type    |
+--------------------+-----+-----+------------+---------------------------------------------------------------------------------+--------------+
|ap_clk              |   in|    1|  ap_ctrl_hs|  prepare_input_buf_func_Pipeline_VITIS_LOOP_49_1_VITIS_LOOP_51_2_VITIS_LOOP_52_3|  return value|
|ap_rst              |   in|    1|  ap_ctrl_hs|  prepare_input_buf_func_Pipeline_VITIS_LOOP_49_1_VITIS_LOOP_51_2_VITIS_LOOP_52_3|  return value|
|ap_start            |   in|    1|  ap_ctrl_hs|  prepare_input_buf_func_Pipeline_VITIS_LOOP_49_1_VITIS_LOOP_51_2_VITIS_LOOP_52_3|  return value|
|ap_done             |  out|    1|  ap_ctrl_hs|  prepare_input_buf_func_Pipeline_VITIS_LOOP_49_1_VITIS_LOOP_51_2_VITIS_LOOP_52_3|  return value|
|ap_idle             |  out|    1|  ap_ctrl_hs|  prepare_input_buf_func_Pipeline_VITIS_LOOP_49_1_VITIS_LOOP_51_2_VITIS_LOOP_52_3|  return value|
|ap_ready            |  out|    1|  ap_ctrl_hs|  prepare_input_buf_func_Pipeline_VITIS_LOOP_49_1_VITIS_LOOP_51_2_VITIS_LOOP_52_3|  return value|
|input_buf_address0  |  out|   12|   ap_memory|                                                                        input_buf|         array|
|input_buf_ce0       |  out|    1|   ap_memory|                                                                        input_buf|         array|
|input_buf_we0       |  out|    1|   ap_memory|                                                                        input_buf|         array|
|input_buf_d0        |  out|   16|   ap_memory|                                                                        input_buf|         array|
+--------------------+-----+-----+------------+---------------------------------------------------------------------------------+--------------+

