

================================================================
== Vitis HLS Report for 'read_input_func'
================================================================
* Date:           Fri Jul 18 13:04:08 2025

* Version:        2025.1 (Build 6135595 on May 21 2025)
* Project:        hls_component
* Solution:       hls (Vivado IP Flow Target)
* Product family: zynq
* Target device:  xc7z020-clg400-2


================================================================
== Performance Estimates
================================================================
+ Timing: 
    * Summary: 
    +--------+----------+----------+------------+
    |  Clock |  Target  | Estimated| Uncertainty|
    +--------+----------+----------+------------+
    |ap_clk  |  10.00 ns|  6.857 ns|     2.70 ns|
    +--------+----------+----------+------------+

+ Latency: 
    * Summary: 
    +---------+---------+-----------+-----------+------+------+------------------------------------------------+
    |  Latency (cycles) |   Latency (absolute)  |   Interval  |                    Pipeline                    |
    |   min   |   max   |    min    |    max    |  min |  max |                      Type                      |
    +---------+---------+-----------+-----------+------+------+------------------------------------------------+
    |     4098|     4098|  40.980 us|  40.980 us|  4097|  4097|  loop auto-rewind stp (delay=0 clock cycles(s))|
    +---------+---------+-----------+-----------+------+------+------------------------------------------------+

    + Detail: 
        * Instance: 
        N/A

        * Loop: 
        +------------------------------------------------------+---------+---------+----------+-----------+-----------+------+----------+
        |                                                      |  Latency (cycles) | Iteration|  Initiation Interval  | Trip |          |
        |                       Loop Name                      |   min   |   max   |  Latency |  achieved |   target  | Count| Pipelined|
        +------------------------------------------------------+---------+---------+----------+-----------+-----------+------+----------+
        |- VITIS_LOOP_143_1_VITIS_LOOP_145_2_VITIS_LOOP_146_3  |     4096|     4096|         2|          2|          4|  2048|       yes|
        +------------------------------------------------------+---------+---------+----------+-----------+-----------+------+----------+



================================================================
== Utilization Estimates
================================================================
* Summary: 
+-----------------+---------+-----+--------+-------+-----+
|       Name      | BRAM_18K| DSP |   FF   |  LUT  | URAM|
+-----------------+---------+-----+--------+-------+-----+
|DSP              |        -|    -|       -|      -|    -|
|Expression       |        -|    -|       0|    102|    -|
|FIFO             |        -|    -|       -|      -|    -|
|Instance         |        -|    -|       -|      -|    -|
|Memory           |        -|    -|       -|      -|    -|
|Multiplexer      |        -|    -|       0|     85|    -|
|Register         |        -|    -|      39|      -|    -|
+-----------------+---------+-----+--------+-------+-----+
|Total            |        0|    0|      39|    187|    0|
+-----------------+---------+-----+--------+-------+-----+
|Available        |      280|  220|  106400|  53200|    0|
+-----------------+---------+-----+--------+-------+-----+
|Utilization (%)  |        0|    0|      ~0|     ~0|    0|
+-----------------+---------+-----+--------+-------+-----+

+ Detail: 
    * Instance: 
    N/A

    * DSP: 
    N/A

    * Memory: 
    N/A

    * FIFO: 
    N/A

    * Expression: 
    +--------------------------+----------+----+---+----+------------+------------+
    |       Variable Name      | Operation| DSP| FF| LUT| Bitwidth P0| Bitwidth P1|
    +--------------------------+----------+----+---+----+------------+------------+
    |add_ln143_2_fu_130_p2     |         +|   0|  0|  12|          12|           1|
    |add_ln143_fu_153_p2       |         +|   0|  0|   6|           4|           1|
    |add_ln145_2_fu_260_p2     |         +|   0|  0|  10|          10|           1|
    |add_ln145_fu_199_p2       |         +|   0|  0|   6|           4|           1|
    |add_ln146_fu_254_p2       |         +|   0|  0|   6|           6|           1|
    |and_ln143_fu_185_p2       |       and|   0|  0|   1|           1|           1|
    |icmp_ln143_fu_124_p2      |      icmp|   0|  0|  13|          12|          13|
    |icmp_ln145_fu_159_p2      |      icmp|   0|  0|  10|          10|           9|
    |icmp_ln146_fu_179_p2      |      icmp|   0|  0|   7|           6|           7|
    |empty_fu_205_p2           |        or|   0|  0|   1|           1|           1|
    |c_mid2_fu_211_p3          |    select|   0|  0|   6|           1|           1|
    |select_ln143_2_fu_191_p3  |    select|   0|  0|   4|           1|           4|
    |select_ln143_fu_165_p3    |    select|   0|  0|   4|           1|           1|
    |select_ln145_2_fu_266_p3  |    select|   0|  0|  10|           1|           1|
    |select_ln145_fu_219_p3    |    select|   0|  0|   4|           1|           4|
    |xor_ln143_fu_173_p2       |       xor|   0|  0|   2|           1|           2|
    +--------------------------+----------+----+---+----+------------+------------+
    |Total                     |          |   0|  0| 102|          72|          49|
    +--------------------------+----------+----+---+----+------------+------------+

    * Multiplexer: 
    +----------------------------------------+----+-----------+-----+-----------+
    |                  Name                  | LUT| Input Size| Bits| Total Bits|
    +----------------------------------------+----+-----------+-----+-----------+
    |ap_NS_fsm                               |  13|          3|    1|          3|
    |ap_done_int                             |   9|          2|    1|          2|
    |ap_sig_allocacmp_indvar_flatten12_load  |   9|          2|   12|         24|
    |c_fu_56                                 |   9|          2|    6|         12|
    |conv3_out_blk_n                         |   9|          2|    1|          2|
    |i_fu_68                                 |   9|          2|    4|          8|
    |indvar_flatten12_fu_72                  |   9|          2|   12|         24|
    |indvar_flatten_fu_64                    |   9|          2|   10|         20|
    |j_fu_60                                 |   9|          2|    4|          8|
    +----------------------------------------+----+-----------+-----+-----------+
    |Total                                   |  85|         19|   51|        103|
    +----------------------------------------+----+-----------+-----+-----------+

    * Register: 
    +------------------------+----+----+-----+-----------+
    |          Name          | FF | LUT| Bits| Const Bits|
    +------------------------+----+----+-----+-----------+
    |ap_CS_fsm               |   2|   0|    2|          0|
    |ap_done_reg             |   1|   0|    1|          0|
    |c_fu_56                 |   6|   0|    6|          0|
    |i_fu_68                 |   4|   0|    4|          0|
    |indvar_flatten12_fu_72  |  12|   0|   12|          0|
    |indvar_flatten_fu_64    |  10|   0|   10|          0|
    |j_fu_60                 |   4|   0|    4|          0|
    +------------------------+----+----+-----+-----------+
    |Total                   |  39|   0|   39|          0|
    +------------------------+----+----+-----+-----------+



================================================================
== Interface
================================================================
* Summary: 
+--------------------------+-----+-----+------------+-----------------+--------------+
|         RTL Ports        | Dir | Bits|  Protocol  |  Source Object  |    C Type    |
+--------------------------+-----+-----+------------+-----------------+--------------+
|ap_clk                    |   in|    1|  ap_ctrl_hs|  read_input_func|  return value|
|ap_rst                    |   in|    1|  ap_ctrl_hs|  read_input_func|  return value|
|ap_start                  |   in|    1|  ap_ctrl_hs|  read_input_func|  return value|
|ap_done                   |  out|    1|  ap_ctrl_hs|  read_input_func|  return value|
|ap_idle                   |  out|    1|  ap_ctrl_hs|  read_input_func|  return value|
|ap_ready                  |  out|    1|  ap_ctrl_hs|  read_input_func|  return value|
|conv3_out_dout            |   in|   16|     ap_fifo|        conv3_out|       pointer|
|conv3_out_empty_n         |   in|    1|     ap_fifo|        conv3_out|       pointer|
|conv3_out_read            |  out|    1|     ap_fifo|        conv3_out|       pointer|
|conv3_out_num_data_valid  |   in|   12|     ap_fifo|        conv3_out|       pointer|
|conv3_out_fifo_cap        |   in|   12|     ap_fifo|        conv3_out|       pointer|
|input_buf_address0        |  out|   11|   ap_memory|        input_buf|         array|
|input_buf_ce0             |  out|    1|   ap_memory|        input_buf|         array|
|input_buf_we0             |  out|    1|   ap_memory|        input_buf|         array|
|input_buf_d0              |  out|   16|   ap_memory|        input_buf|         array|
+--------------------------+-----+-----+------------+-----------------+--------------+

