

================================================================
== Vitis HLS Report for 'write_output_func'
================================================================
* Date:           Fri Jul 18 13:04:08 2025

* Version:        2025.1 (Build 6135595 on May 21 2025)
* Project:        hls_component
* Solution:       hls (Vivado IP Flow Target)
* Product family: zynq
* Target device:  xc7z020-clg400-2


================================================================
== Performance Estimates
================================================================
+ Timing: 
    * Summary: 
    +--------+----------+----------+------------+
    |  Clock |  Target  | Estimated| Uncertainty|
    +--------+----------+----------+------------+
    |ap_clk  |  10.00 ns|  6.857 ns|     2.70 ns|
    +--------+----------+----------+------------+

+ Latency: 
    * Summary: 
    +---------+---------+-----------+-----------+------+------+------------------------------------------------+
    |  Latency (cycles) |   Latency (absolute)  |   Interval  |                    Pipeline                    |
    |   min   |   max   |    min    |    max    |  min |  max |                      Type                      |
    +---------+---------+-----------+-----------+------+------+------------------------------------------------+
    |     6146|     6146|  61.460 us|  61.460 us|  6145|  6145|  loop auto-rewind stp (delay=0 clock cycles(s))|
    +---------+---------+-----------+-----------+------+------+------------------------------------------------+

    + Detail: 
        * Instance: 
        N/A

        * Loop: 
        +------------------------------------------------------+---------+---------+----------+-----------+-----------+------+----------+
        |                                                      |  Latency (cycles) | Iteration|  Initiation Interval  | Trip |          |
        |                       Loop Name                      |   min   |   max   |  Latency |  achieved |   target  | Count| Pipelined|
        +------------------------------------------------------+---------+---------+----------+-----------+-----------+------+----------+
        |- VITIS_LOOP_103_1_VITIS_LOOP_105_2_VITIS_LOOP_106_3  |     6144|     6144|         3|          3|          4|  2048|       yes|
        +------------------------------------------------------+---------+---------+----------+-----------+-----------+------+----------+



================================================================
== Utilization Estimates
================================================================
* Summary: 
+-----------------+---------+-----+--------+-------+-----+
|       Name      | BRAM_18K| DSP |   FF   |  LUT  | URAM|
+-----------------+---------+-----+--------+-------+-----+
|DSP              |        -|    -|       -|      -|    -|
|Expression       |        -|    -|       0|    102|    -|
|FIFO             |        -|    -|       -|      -|    -|
|Instance         |        -|    -|       -|      -|    -|
|Memory           |        -|    -|       -|      -|    -|
|Multiplexer      |        -|    -|       0|     89|    -|
|Register         |        -|    -|      40|      -|    -|
+-----------------+---------+-----+--------+-------+-----+
|Total            |        0|    0|      40|    191|    0|
+-----------------+---------+-----+--------+-------+-----+
|Available        |      280|  220|  106400|  53200|    0|
+-----------------+---------+-----+--------+-------+-----+
|Utilization (%)  |        0|    0|      ~0|     ~0|    0|
+-----------------+---------+-----+--------+-------+-----+

+ Detail: 
    * Instance: 
    N/A

    * DSP: 
    N/A

    * Memory: 
    N/A

    * FIFO: 
    N/A

    * Expression: 
    +--------------------------+----------+----+---+----+------------+------------+
    |       Variable Name      | Operation| DSP| FF| LUT| Bitwidth P0| Bitwidth P1|
    +--------------------------+----------+----+---+----+------------+------------+
    |add_ln103_3_fu_130_p2     |         +|   0|  0|  12|          12|           1|
    |add_ln103_fu_153_p2       |         +|   0|  0|   6|           4|           1|
    |add_ln105_3_fu_260_p2     |         +|   0|  0|  10|          10|           1|
    |add_ln105_fu_199_p2       |         +|   0|  0|   6|           4|           1|
    |add_ln106_fu_254_p2       |         +|   0|  0|   6|           6|           1|
    |and_ln103_fu_185_p2       |       and|   0|  0|   1|           1|           1|
    |icmp_ln103_fu_124_p2      |      icmp|   0|  0|  13|          12|          13|
    |icmp_ln105_fu_159_p2      |      icmp|   0|  0|  10|          10|           9|
    |icmp_ln106_fu_179_p2      |      icmp|   0|  0|   7|           6|           7|
    |empty_fu_205_p2           |        or|   0|  0|   1|           1|           1|
    |oc_mid2_fu_211_p3         |    select|   0|  0|   6|           1|           1|
    |select_ln103_3_fu_191_p3  |    select|   0|  0|   4|           1|           4|
    |select_ln103_fu_165_p3    |    select|   0|  0|   4|           1|           1|
    |select_ln105_3_fu_266_p3  |    select|   0|  0|  10|           1|           1|
    |select_ln105_fu_219_p3    |    select|   0|  0|   4|           1|           4|
    |xor_ln103_fu_173_p2       |       xor|   0|  0|   2|           1|           2|
    +--------------------------+----------+----+---+----+------------+------------+
    |Total                     |          |   0|  0| 102|          72|          49|
    +--------------------------+----------+----+---+----+------------+------------+

    * Multiplexer: 
    +----------------------------------------+----+-----------+-----+-----------+
    |                  Name                  | LUT| Input Size| Bits| Total Bits|
    +----------------------------------------+----+-----------+-----+-----------+
    |ap_NS_fsm                               |  17|          4|    1|          4|
    |ap_done_int                             |   9|          2|    1|          2|
    |ap_sig_allocacmp_indvar_flatten12_load  |   9|          2|   12|         24|
    |conv3_out_blk_n                         |   9|          2|    1|          2|
    |i_fu_68                                 |   9|          2|    4|          8|
    |indvar_flatten12_fu_72                  |   9|          2|   12|         24|
    |indvar_flatten_fu_64                    |   9|          2|   10|         20|
    |j_fu_60                                 |   9|          2|    4|          8|
    |oc_fu_56                                |   9|          2|    6|         12|
    +----------------------------------------+----+-----------+-----+-----------+
    |Total                                   |  89|         20|   51|        104|
    +----------------------------------------+----+-----------+-----+-----------+

    * Register: 
    +------------------------+----+----+-----+-----------+
    |          Name          | FF | LUT| Bits| Const Bits|
    +------------------------+----+----+-----+-----------+
    |ap_CS_fsm               |   3|   0|    3|          0|
    |ap_done_reg             |   1|   0|    1|          0|
    |i_fu_68                 |   4|   0|    4|          0|
    |indvar_flatten12_fu_72  |  12|   0|   12|          0|
    |indvar_flatten_fu_64    |  10|   0|   10|          0|
    |j_fu_60                 |   4|   0|    4|          0|
    |oc_fu_56                |   6|   0|    6|          0|
    +------------------------+----+----+-----+-----------+
    |Total                   |  40|   0|   40|          0|
    +------------------------+----+----+-----+-----------+



================================================================
== Interface
================================================================
* Summary: 
+--------------------------+-----+-----+------------+-------------------+--------------+
|         RTL Ports        | Dir | Bits|  Protocol  |   Source Object   |    C Type    |
+--------------------------+-----+-----+------------+-------------------+--------------+
|ap_clk                    |   in|    1|  ap_ctrl_hs|  write_output_func|  return value|
|ap_rst                    |   in|    1|  ap_ctrl_hs|  write_output_func|  return value|
|ap_start                  |   in|    1|  ap_ctrl_hs|  write_output_func|  return value|
|ap_done                   |  out|    1|  ap_ctrl_hs|  write_output_func|  return value|
|ap_idle                   |  out|    1|  ap_ctrl_hs|  write_output_func|  return value|
|ap_ready                  |  out|    1|  ap_ctrl_hs|  write_output_func|  return value|
|conv3_out_din             |  out|   16|     ap_fifo|          conv3_out|       pointer|
|conv3_out_full_n          |   in|    1|     ap_fifo|          conv3_out|       pointer|
|conv3_out_write           |  out|    1|     ap_fifo|          conv3_out|       pointer|
|conv3_out_num_data_valid  |   in|   12|     ap_fifo|          conv3_out|       pointer|
|conv3_out_fifo_cap        |   in|   12|     ap_fifo|          conv3_out|       pointer|
|output_buf_address0       |  out|   11|   ap_memory|         output_buf|         array|
|output_buf_ce0            |  out|    1|   ap_memory|         output_buf|         array|
|output_buf_q0             |   in|   15|   ap_memory|         output_buf|         array|
+--------------------------+-----+-----+------------+-------------------+--------------+

